// Jest Snapshot v1, https://goo.gl/fbAQLP

exports[`renders badges on experiment view page should render all badges 1`] = `
<div
  class="badges"
  id="experiment-1234"
>
  <span
    class="me-2"
  >
    <span
      class="badge badge-info"
      title="In 3 experiments"
    >
      <i
        class="fa fa-cogs"
      />
       
      3
    </span>
  </span>
  <span
    class="me-2"
  >
    <span
      class="badge badge-info"
      title="4 of 4 Files online"
    >
      <i
        class="fa fa-file"
      />
       
      4
    </span>
  </span>
  <span
    class="me-2"
  >
    <span
      class="badge badge-info"
      title="Dataset size is"
    >
      13.56 MB
    </span>
  </span>
</div>
`;
