// Jest Snapshot v1, https://goo.gl/fbAQLP

exports[`renders initial tree view on page load should render folder tree correctly 1`] = `
<div>
  <button
    class="btn btn-outline-secondary"
    count="0"
    style="margin-bottom: 12px; font-weight: bold;"
    title="Download"
    type="submit"
  >
    <i
      class="fa fa-download fa-sm mr-1 "
    />
    Select All
  </button>
  <div>
    <div
      class="input-group"
    >
      <span
        class="input-group-text"
      >
        <i
          class="fa fa-search"
        />
      </span>
      <input
        class="form-control"
        name="search-input"
        placeholder="Search the tree..."
        type="text"
      />
    </div>
  </div>
  <div
    class="p-1"
  >
    <ul
      class="css-1tl97mg"
    >
      <li
        class="css-ya4lz1"
      >
        <div>
          <div
            style="display: inline-block; vertical-align: top; color: rgb(0, 0, 0); padding-bottom: 2px;"
          >
            <div
              style="line-height: 20px; vertical-align: middle; font-size: 16px; cursor: pointer;"
            >
              <input
                class="datafile_checkbox"
                style="margin-right: 5px;"
                type="checkbox"
                value="parent_1"
              />
              <i
                class="fa fa-folder"
                style="margin-right: 5px; opacity: 0.6;"
              />
              parent_1
              
            </div>
          </div>
        </div>
        <div />
      </li>
      <li
        class="css-ya4lz1"
      >
        <div>
          <div
            style="display: inline-block; vertical-align: top; color: rgb(0, 0, 0); padding-bottom: 2px;"
          >
            <div
              style="line-height: 20px; vertical-align: middle; font-size: 16px; cursor: pointer;"
            >
              <input
                class="datafile_checkbox"
                style="margin-right: 5px;"
                type="checkbox"
                value="parent_2"
              />
              <i
                class="fa fa-folder"
                style="margin-right: 5px; opacity: 0.6;"
              />
              parent_2
              
            </div>
          </div>
        </div>
        <div />
      </li>
      <li
        class="css-ya4lz1"
      >
        <div>
          <div
            style="display: inline-block; vertical-align: top; color: rgb(0, 0, 0); padding-bottom: 2px;"
          >
            <div
              style="line-height: 20px; vertical-align: middle; font-size: 16px; cursor: pointer;"
            >
              <input
                class="datafile_checkbox"
                style="margin-right: 5px;"
                type="checkbox"
                value="Parent.txt"
              />
              <i
                class="fa fa-file-text"
                style="margin-right: 5px; opacity: 0.6;"
              />
              Parent.txt
              <a
                class="btn-sm"
                href="/api/v1/dataset_file/11985776/download/"
                style="color: Black;"
                title="Download"
              >
                <i
                  class="fa fa-download fa-sm"
                />
              </a>
            </div>
          </div>
        </div>
        <div />
      </li>
      <li
        class="css-ya4lz1"
      >
        <div>
          <div
            style="display: inline-block; vertical-align: top; color: rgb(0, 0, 0); padding-bottom: 2px;"
          >
            <div
              style="line-height: 20px; vertical-align: middle; font-size: 16px; cursor: pointer;"
            >
              <input
                class="datafile_checkbox"
                style="margin-right: 5px;"
                type="checkbox"
                value="STORM-6.jpg"
              />
              <i
                class="fa fa-file-text"
                style="margin-right: 5px; opacity: 0.6;"
              />
              STORM-6.jpg
              <a
                class="btn-sm"
                href="/api/v1/dataset_file/11985840/download/"
                style="color: Black;"
                title="Download"
              >
                <i
                  class="fa fa-download fa-sm"
                />
              </a>
            </div>
          </div>
        </div>
        <div />
      </li>
    </ul>
  </div>
</div>
`;
