// Jest Snapshot v1, https://goo.gl/fbAQLP

exports[`should match snapshot should render folder tree correctly 1`] = `
<div>
  <div>
    <div
      style="float: left;"
    >
      <form>
        <input
          type="hidden"
        />
        <input
          name="comptype"
          type="hidden"
          value="tar"
        />
        <input
          name="organization"
          type="hidden"
          value="deep-storage"
        />
        <button
          class="btn btn-outline-secondary"
          disabled=""
          style="margin-bottom: 12px; font-weight: bold; margin-right: 2px;"
          title="Start selecting files to download"
          type="submit"
          value="submit"
        >
          <i
            class="fa fa-download fa-sm me-1 "
          />
          Select Files...
          
        </button>
      </form>
    </div>
    <div>
      <button
        class="btn btn-outline-secondary"
        style="margin-bottom: 12px; font-weight: bold;"
        title="Select All"
        type="submit"
        value="submit"
      >
        Select All
      </button>
      
    </div>
  </div>
  <div>
    <div
      class="input-group"
    >
      <span
        class="input-group-text"
      >
        <i
          class="fa fa-search"
        />
      </span>
      <input
        class="form-control"
        name="search-input"
        placeholder="Search the tree..."
        type="text"
      />
    </div>
  </div>
  <div
    class="p-1"
  >
    <ul
      class="css-1tl97mg"
    >
      <li
        class="css-ya4lz1"
      >
        <div>
          <div
            style="display: inline-block; vertical-align: top; color: rgb(0, 0, 0); padding-bottom: 2px;"
          >
            <div
              style="line-height: 20px; vertical-align: middle; font-size: 16px; cursor: pointer;"
            >
              <input
                class="datafile_checkbox"
                readonly=""
                style="margin-right: 5px;"
                type="checkbox"
              />
              <i
                class="fa fa-folder"
                style="margin-right: 5px; opacity: 0.6;"
              />
              parent_1
              
            </div>
          </div>
        </div>
        <div />
      </li>
      <li
        class="css-ya4lz1"
      >
        <div>
          <div
            style="display: inline-block; vertical-align: top; color: rgb(0, 0, 0); padding-bottom: 2px;"
          >
            <div
              style="line-height: 20px; vertical-align: middle; font-size: 16px; cursor: pointer;"
            >
              <input
                class="datafile_checkbox"
                readonly=""
                style="margin-right: 5px;"
                type="checkbox"
              />
              <i
                class="fa fa-folder"
                style="margin-right: 5px; opacity: 0.6;"
              />
              parent_2
              
            </div>
          </div>
        </div>
        <div />
      </li>
      <li
        class="css-ya4lz1"
      >
        <div>
          <div
            style="display: inline-block; vertical-align: top; color: rgb(0, 0, 0); padding-bottom: 2px;"
          >
            <div
              style="line-height: 20px; vertical-align: middle; font-size: 16px; cursor: pointer;"
            >
              <input
                class="datafile_checkbox"
                readonly=""
                style="margin-right: 5px;"
                type="checkbox"
              />
              <i
                class="fa fa-file-text"
                style="margin-right: 5px; opacity: 0.6;"
              />
              Parent.txt
              <a
                class="btn-sm"
                role="button"
                style="color: black;"
                title="Download"
              >
                <i
                  class="fa fa-download fa-sm"
                />
                
              </a>
              
            </div>
          </div>
        </div>
        <div />
      </li>
      <li
        class="css-ya4lz1"
      >
        <div>
          <div
            style="display: inline-block; vertical-align: top; color: rgb(0, 0, 0); padding-bottom: 2px;"
          >
            <div
              style="line-height: 20px; vertical-align: middle; font-size: 16px; cursor: pointer;"
            >
              <input
                class="datafile_checkbox"
                disabled=""
                readonly=""
                style="margin-right: 5px;"
                type="checkbox"
              />
              <i
                class="fa fa-file-text"
                style="margin-right: 5px; opacity: 0.6;"
              />
              <span
                style="color: red;"
              >
                STORM-6.jpg
                (unverified)
              </span>
              
              
            </div>
          </div>
        </div>
        <div />
      </li>
    </ul>
  </div>
</div>
`;
